[vyoganan@vyoganan ~]$ crc start
INFO Checking if running as non-root              
INFO Checking if running inside WSL2              
INFO Checking if crc-admin-helper executable is cached 
INFO Checking if running on a supported CPU architecture 
INFO Checking if crc executable symlink exists    
INFO Checking minimum RAM requirements            
INFO Checking if Virtualization is enabled        
INFO Checking if KVM is enabled                   
INFO Checking if libvirt is installed             
INFO Checking if user is part of libvirt group    
INFO Checking if active user/process is currently part of the libvirt group 
INFO Checking if libvirt daemon is running        
INFO Checking if a supported libvirt version is installed 
INFO Checking if crc-driver-libvirt is installed  
INFO Checking crc daemon systemd socket units     
INFO Checking if systemd-networkd is running      
INFO Checking if NetworkManager is installed      
INFO Checking if NetworkManager service is running 
INFO Checking if /etc/NetworkManager/conf.d/crc-nm-dnsmasq.conf exists 
INFO Checking if /etc/NetworkManager/dnsmasq.d/crc.conf exists 
INFO Checking if libvirt 'crc' network is available 
INFO Checking if libvirt 'crc' network is active  
INFO Loading bundle: crc_libvirt_4.13.9_amd64...  
CRC requires a pull secret to download content from Red Hat.
You can copy it from the Pull Secret section of https://console.redhat.com/openshift/create/local.
? Please enter the pull secret *******************************************************************************************************************
INFO Creating CRC VM for OpenShift 4.13.9...      
INFO Generating new SSH key pair...               
INFO Generating new password for the kubeadmin user 
INFO Starting CRC VM for openshift 4.13.9...      
INFO CRC instance is running with IP 192.168.130.11 
INFO CRC VM is running                            
INFO Updating authorized keys...                  
INFO Configuring shared directories               
INFO Check internal and public DNS query...       
INFO Check DNS query from host...                 
INFO Verifying validity of the kubelet certificates... 
INFO Starting kubelet service                     
INFO Waiting for kube-apiserver availability... [takes around 2min] 
INFO Adding user's pull secret to the cluster...  
INFO Updating SSH key to machine config resource... 
INFO Waiting until the user's pull secret is written to the instance disk... 
INFO Changing the password for the kubeadmin user 
INFO Updating cluster ID...                       
INFO Updating root CA cert to admin-kubeconfig-client-ca configmap... 
INFO Starting openshift instance... [waiting for the cluster to stabilize] 
INFO 6 operators are progressing: image-registry, ingress, kube-storage-version-migrator, network, openshift-controller-manager, ... 
INFO 5 operators are progressing: image-registry, ingress, kube-storage-version-migrator, network, service-ca 
INFO 4 operators are progressing: image-registry, kube-storage-version-migrator, network, service-ca 
INFO 4 operators are progressing: image-registry, kube-storage-version-migrator, network, service-ca 
INFO 4 operators are progressing: image-registry, kube-storage-version-migrator, network, service-ca 
INFO 4 operators are progressing: image-registry, kube-storage-version-migrator, network, service-ca 
INFO 4 operators are progressing: image-registry, kube-storage-version-migrator, network, service-ca 
INFO 4 operators are progressing: image-registry, kube-storage-version-migrator, network, service-ca 
INFO 3 operators are progressing: image-registry, kube-storage-version-migrator, service-ca 
INFO 2 operators are progressing: authentication, image-registry 
INFO Operator image-registry is progressing       
INFO All operators are available. Ensuring stability... 
INFO Operators are stable (2/3)...                
INFO Operators are stable (3/3)...                
INFO Adding crc-admin and crc-developer contexts to kubeconfig... 
Started the OpenShift cluster.

The server is accessible via web console at:
  https://console-openshift-console.apps-crc.testing

Log in as administrator:
  Username: kubeadmin
  Password: wJscK-DBu3T-9TbcL-HpXmr

Log in as user:
  Username: developer
  Password: developer

Use the 'oc' command line interface:
  $ eval $(crc oc-env)
  $ oc login -u developer https://api.crc.testing:6443
[vyoganan@vyoganan ~]$ 
[vyoganan@vyoganan ~]$ 
[vyoganan@vyoganan ~]$ ^C
[vyoganan@vyoganan ~]$  eval $(crc oc-env)
[vyoganan@vyoganan ~]$ oc login -u developer https://api.crc.testing:6443
Logged into "https://api.crc.testing:6443" as "developer" using existing credentials.

You don't have any projects. You can try to create a new project, by running

    oc new-project <projectname>

[vyoganan@vyoganan ~]$ oc version
Client Version: 4.13.9
Kustomize Version: v4.5.7
Kubernetes Version: v1.26.6+6bf3f75
[vyoganan@vyoganan ~]$ oc get clusterversion
Error from server (Forbidden): clusterversions.config.openshift.io is forbidden: User "developer" cannot list resource "clusterversions" in API group "config.openshift.io" at the cluster scope
[vyoganan@vyoganan ~]$ 
[vyoganan@vyoganan ~]$ oc login --token=sha256~0z1fshX1TaU36ZnPeuQm3nXMB1oGVCrrGB2K2zn5gKA --server=https://api.crc.testing:6443
Logged into "https://api.crc.testing:6443" as "kubeadmin" using the token provided.

You have access to 65 projects, the list has been suppressed. You can list all projects with 'oc projects'

Using project "default".
[vyoganan@vyoganan ~]$ oc get clusterversions.config.openshift.io 
NAME      VERSION   AVAILABLE   PROGRESSING   SINCE   STATUS
version   4.13.9    True        False         23d     Cluster version is 4.13.9
[vyoganan@vyoganan ~]$ oc get nodes
NAME                 STATUS   ROLES                         AGE   VERSION
crc-mmwz7-master-0   Ready    control-plane,master,worker   23d   v1.26.6+6bf3f75
